version https://git-lfs.github.com/spec/v1
oid sha256:7cdc59a0846c21b87d91369ab346235445013f6fc6f797dddf9ff3cda33216c3
size 432466
