version https://git-lfs.github.com/spec/v1
oid sha256:fd3e2e2f4279de1d66fbe3fac743702d1fa2c60811786e99e530300ae7c2aa67
size 111598722
