version https://git-lfs.github.com/spec/v1
oid sha256:ac7c44183cbd0bb8f8ee399b8d1cbef14a959a111520a73e64cf6e500b2e414d
size 10976309
