version https://git-lfs.github.com/spec/v1
oid sha256:3a95841f6f848f14d0d0754822f8fdbb90fe7b512c167ccb6384a4a0b933e961
size 453770
