version https://git-lfs.github.com/spec/v1
oid sha256:2b958e0615fee5f375e459f09bad92d7c02b6f9b1f1cf01823c859d167803a7f
size 7783432
