version https://git-lfs.github.com/spec/v1
oid sha256:9720792432a2c406fedb796efba6ff4f54c1d57362cf3aa0be3ed69fb41c1784
size 4324177
