version https://git-lfs.github.com/spec/v1
oid sha256:183c084110dc02adbac901ebe33a76b0a4516bbd1100c02cac8bed072bee9c47
size 750960
