version https://git-lfs.github.com/spec/v1
oid sha256:0f4e4bd7448a7060f2eae8db66c3a25878b00544612a58d1558db3e006b90833
size 386830
