version https://git-lfs.github.com/spec/v1
oid sha256:aab299900569ba336efbc3a58be42d133ad7a6699f475d7c3b311c3ce5fabe0c
size 2152335
