version https://git-lfs.github.com/spec/v1
oid sha256:f30a89c534b0cfc0e8b9e744d35d962afa330b19183b112e874b94002c5ac8fe
size 2152335
