version https://git-lfs.github.com/spec/v1
oid sha256:79259cd9da47790aca4f9a2d6985b8c639267afdc482272ceac8cec96f9a3cb7
size 135751594
