version https://git-lfs.github.com/spec/v1
oid sha256:c22f33dc524750ff9d81bdae7cfeada2d626199d56e808eb6ae2889c3b2428d8
size 7324968
