version https://git-lfs.github.com/spec/v1
oid sha256:e153f601bdebf0a046ee9637ad871e67c4472b1a6d0c64728f21439b8d0c31a4
size 6918616
