version https://git-lfs.github.com/spec/v1
oid sha256:e8f59bbe18848f8a99b9b019934f585114c67819ac8f03ec4bd9a0cd3c9e8244
size 137325192
